// Jest Snapshot v1, https://goo.gl/fbAQLP

exports[`integration test renders page correctly 1`] = `
<div>
  <div
    class="ion-page"
  >
    <ion-content>
      <div
        class="discover-page"
      >
        <ion-img
          id="camera-square"
          src="../assets/icon/camera-square.svg"
        />
        <ion-img
          id="camera-icon"
          src="../assets/icon/camera-solid.svg"
        />
        <ion-input
          class="search-bar"
          placeholder="Kandidat:in, PLZ oder Ort suchen"
        />
      </div>
    </ion-content>
  </div>
</div>
`;
