// Jest Snapshot v1, https://goo.gl/fbAQLP

exports[`integration test renders page correctly 1`] = `
<div>
  <div
    class="ion-page"
  >
    <ion-content
      fullscreen="true"
    >
      <div
        class="discover-page"
      >
        <div
          class="camera-icon-background"
          role="link"
          tabindex="0"
        >
          <ion-img
            id="camera-square"
            src="../assets/icon/camera-square.svg"
          />
          <ion-img
            id="camera-icon"
            src="../assets/icon/camera-solid.svg"
          />
        </div>
        <ion-input
          class="search-bar"
          disabled="false"
          placeholder="Kandidat:in, PLZ oder Ort suchen"
        />
      </div>
    </ion-content>
  </div>
</div>
`;
